// Jest Snapshot v1, https://goo.gl/fbAQLP

exports[`StyledInput [StyledInput] Component basic tests matches the snapshot 1`] = `
.c0 {
  padding: 9px 18px;
  width: 100%;
  border: .75px solid #cecece;
  font-size: 1rem;
}

.c0:focus {
  outline-color: rgb(103,156,226);
}

<input
  className="c0"
/>
`;
